Tokens.ERROR - $ (linha 5)
Tokens.ERROR - $ (linha 14)
Tokens.ERROR - $ (linha 5)
Tokens.ERROR - $ (linha 14)
Tokens.ERROR - $ (linha 5)
Tokens.ERROR - $ (linha 14)
Tokens.ERROR - $ (linha 5)
Tokens.ERROR - $ (linha 14)
Tokens.ERROR - $ (linha 5)
Tokens.ERROR - $ (linha 14)
